Flutter crash report.
Please report a bug at https://github.com/flutter/flutter/issues.

## command

flutter run

## exception

StateError: Bad state: No element

```
```

## flutter doctor

```
[32m[✓][39m Flutter (Channel stable, 3.38.7, on Microsoft Windows [Version 10.0.26200.7840], locale ru-RU)
    [1 017ms]
    [32m•[39m Flutter version 3.38.7 on channel stable at C:\flutter
    [32m•[39m Upstream repository https://github.com/flutter/flutter.git
    [32m•[39m Framework revision 3b62efc2a3 (6 weeks ago), 2026-01-13 13:47:42 -0800
    [32m•[39m Engine revision 78fc3012e4
    [32m•[39m Dart version 3.10.7
    [32m•[39m DevTools version 2.51.1
    [32m•[39m Feature flags: enable-web, enable-linux-desktop, enable-macos-desktop, enable-windows-desktop,
      enable-android, enable-ios, cli-animations, enable-native-assets, omit-legacy-version-file,
      enable-lldb-debugging

[32m[✓][39m Windows Version (11 Home 64-bit, 25H2, 2009) [4,7s]

[32m[✓][39m Android toolchain - develop for Android devices (Android SDK version 36.1.0) [11,7s]
    [32m•[39m Android SDK at C:\Users\Hossam\AppData\Local\Android\sdk
    [32m•[39m Emulator version 36.3.10.0 (build_id 14472402) (CL:N/A)
    [32m•[39m Platform android-36.1, build-tools 36.1.0
    [32m•[39m Java binary at: C:\Program Files\Android\Android Studio\jbr\bin\java
      This is the JDK bundled with the latest Android Studio installation on this machine.
      To manually set the JDK path, use: `flutter config --jdk-dir="path/to/jdk"`.
    [32m•[39m Java version OpenJDK Runtime Environment (build 21.0.8+-14196175-b1038.72)
    [32m•[39m All Android licenses accepted.

[32m[✓][39m Chrome - develop for the web [369ms]
    [32m•[39m Chrome at C:\Program Files\Google\Chrome\Application\chrome.exe

[32m[✓][39m Visual Studio - develop Windows apps (Visual Studio Build Tools 2022 17.12.4) [367ms]
    [32m•[39m Visual Studio at C:\Program Files (x86)\Microsoft Visual Studio\2022\BuildTools
    [32m•[39m Visual Studio Build Tools 2022 version 17.12.35707.178
    [32m•[39m Windows 10 SDK version 10.0.22621.0

[32m[✓][39m Connected device (4 available) [920ms]
    [32m•[39m sdk gphone64 x86 64 (mobile) • emulator-5554 • android-x64    • Android 16 (API 36) (emulator)
    [32m•[39m Windows (desktop)            • windows       • windows-x64    • Microsoft Windows [Version
      10.0.26200.7840]
    [32m•[39m Chrome (web)                 • chrome        • web-javascript • Google Chrome 144.0.7559.133
    [32m•[39m Edge (web)                   • edge          • web-javascript • Microsoft Edge 145.0.3800.65

[32m[✓][39m Network resources [965ms]
    [32m•[39m All expected network resources are available.

[32m•[39m No issues found!
```
